<?xml version="1.0" encoding="UTF-8"?>
<testsuites name="Sample Plugin System and Integration Tests" tests="16" failures="0" time="8.854">
  <testsuite name="Sample Plugin System and Integration Tests" errors="0" failures="0" skipped="0" timestamp="2026-02-02T16:35:42" time="8.812" tests="16">
    <testcase classname="cics-deploy generate bundle should generate a bundle using defaults from package.json" name="cics-deploy generate bundle should generate a bundle using defaults from package.json" time="0.398">
    </testcase>
    <testcase classname="cics-deploy generate bundle should generate an empty bundle if no package.json present" name="cics-deploy generate bundle should generate an empty bundle if no package.json present" time="0.423">
    </testcase>
    <testcase classname="cics-deploy generate bundle paramters should customise bundle ID according to command line args" name="cics-deploy generate bundle paramters should customise bundle ID according to command line args" time="0.426">
    </testcase>
    <testcase classname="cics-deploy generate bundle paramters should customise bundle version according to command line args" name="cics-deploy generate bundle paramters should customise bundle version according to command line args" time="0.403">
    </testcase>
    <testcase classname="cics-deploy generate bundle paramters should customise NODEJSAPP name according to command line args" name="cics-deploy generate bundle paramters should customise NODEJSAPP name according to command line args" time="0.396">
    </testcase>
    <testcase classname="cics-deploy generate bundle paramters should customise NODEJSAPP name and bundle ID independently" name="cics-deploy generate bundle paramters should customise NODEJSAPP name and bundle ID independently" time="0.419">
    </testcase>
    <testcase classname="cics-deploy generate bundle paramters should customise startscript according to args" name="cics-deploy generate bundle paramters should customise startscript according to args" time="0.418">
    </testcase>
    <testcase classname="cics-deploy generate bundle paramters should customise port in generated profile accord to args" name="cics-deploy generate bundle paramters should customise port in generated profile accord to args" time="0.429">
    </testcase>
    <testcase classname="cics-deploy generate bundle paramters should generate a bundle using values supplied when there&apos;s no package.json" name="cics-deploy generate bundle paramters should generate a bundle using values supplied when there&apos;s no package.json" time="0.451">
    </testcase>
    <testcase classname="cics-deploy generate bundle paramters should return an error if invalid bundle version is supplied" name="cics-deploy generate bundle paramters should return an error if invalid bundle version is supplied" time="0.417">
    </testcase>
    <testcase classname="cics-deploy generate bundle paramters should mangle NODEJSAPP name supplied on command line" name="cics-deploy generate bundle paramters should mangle NODEJSAPP name supplied on command line" time="0.461">
    </testcase>
    <testcase classname="cics-deploy generate bundle paramters should mangle bundle ID supplied on command line" name="cics-deploy generate bundle paramters should mangle bundle ID supplied on command line" time="0.394">
    </testcase>
    <testcase classname="cics-deploy generate bundle package.json variations should mangle name supplied in package.json" name="cics-deploy generate bundle package.json variations should mangle name supplied in package.json" time="0.39">
    </testcase>
    <testcase classname="cics-deploy generate bundle package.json variations should error nicely if package.json is malformed" name="cics-deploy generate bundle package.json variations should error nicely if package.json is malformed" time="0.101">
    </testcase>
    <testcase classname="cics-deploy generate bundle package.json variations should error nicely if package.json is empty" name="cics-deploy generate bundle package.json variations should error nicely if package.json is empty" time="0.104">
    </testcase>
    <testcase classname="cics-deploy generate bundle package.json variations should error nicely if package.json doesn&apos;t have start script or main" name="cics-deploy generate bundle package.json variations should error nicely if package.json doesn&apos;t have start script or main" time="0.408">
    </testcase>
  </testsuite>
</testsuites>